
################################################################################
#  PRISM overnight benchmark — RUN PLAN                      stamp=20260809_180310
################################################################################
  scenes frozen    : 1 -> office_4
  target scenes    : 6   (datasets.<ds>.n_scenes_start)
  seeds            : 3  [1234 5678 9012]
  frames/traj      : 300
  trajectories     : 15
      synthetic_0.5hz_s0 synthetic_0.5hz_s1 synthetic_0.5hz_s2 synthetic_2.0hz_s0 synthetic_2.0hz_s1 synthetic_2.0hz_s2 synthetic_5.0hz_s0 synthetic_5.0hz_s1 synthetic_5.0hz_s2 stopgo_2.0hz_s0 stopgo_2.0hz_s1 stopgo_2.0hz_s2 loop_2.0hz_s0 loop_2.0hz_s1 loop_2.0hz_s2
  methods          : 14
      core   : prism panovggt pi3 mapanything vggtslam laser
      align  : prism_sl4 prism_se3
      vggt   : vggtslam_noloop vggtslam_loop vggtslam_w16
      guards : prism_nolock prism_nostill prism_noguards

  TOTAL PLANNED RUNS : 210   (scenes x trajs x methods)
      ... but the guard arms only run on the stress trajectories, so the real
      total is printed as [n/N] on every run below.

  If any number above looks wrong -- especially "scenes frozen" being 1, or an
  empty method list -- STOP NOW (make bench-stop) rather than burning a night.
################################################################################

[18:03:10] NOTE: only 1 scene(s) frozen but n_scenes_start=6.
[18:03:10]       'make split' runs below and should freeze 6; the plan is
[18:03:10]       re-printed after it so you can confirm before the method runs start.
[18:03:10] NOTE: results/ already contains runs for scene(s): docs laser mapanything panovggt pi3 prism prism_noguards prism_nolock prism_nostill prism_se3 prism_sl4 report report_clean report_tables vggtslam vggtslam_loop vggtslam_noloop 
[18:03:10]       Completed runs are SKIPPED (resume). If those are stale smoke results,
[18:03:10]       clear them first with 'make clean-results' — otherwise they will be
[18:03:10]       aggregated into the report alongside the new ones.
[18:03:10] DRY_RUN=1 — plan printed, exiting without running anything.
rm: cannot remove 'logs/.overnight_plan_20260809_180310.sh': Operation not permitted
